// Jest Snapshot v1, https://goo.gl/fbAQLP

exports[`No route page renders correctly 1`] = `
Array [
  <div
    className="heading modal-header"
  >
    <h4
      className="modal-title"
    >
      No route found!
      <span
        className="float-right active glyphicon glyphicon-home"
        href="/"
        onClick={[Function]}
        style={Object {}}
      />
    </h4>
  </div>,
  <div
    className="modal-body"
  >
    <div
      className="alert alert-danger"
      role="alert"
    >
      404 - No route found!
    </div>
  </div>,
]
`;
